// Jest Snapshot v1, https://goo.gl/fbAQLP

exports[`<VehicleVideo/> should match snapshot 1`] = `
ShallowWrapper {
  "length": 1,
  Symbol(enzyme.__root__): [Circular],
  Symbol(enzyme.__unrendered__): <VehiclesVideo />,
  Symbol(enzyme.__renderer__): Object {
    "batchedUpdates": [Function],
    "getNode": [Function],
    "render": [Function],
    "simulateEvent": [Function],
    "unmount": [Function],
  },
  Symbol(enzyme.__node__): Object {
    "instance": null,
    "key": undefined,
    "nodeType": "host",
    "props": Object {
      "children": <video
        autoPlay={true}
        className="background-video"
        loop={true}
        muted={true}
        playsInline={true}
        poster="vehicles.mp4"
>
        <source
                src="vehicles.mp4"
                type="video/mp4"
        />
</video>,
    },
    "ref": null,
    "rendered": Object {
      "instance": null,
      "key": undefined,
      "nodeType": "host",
      "props": Object {
        "autoPlay": true,
        "children": <source
          src="vehicles.mp4"
          type="video/mp4"
/>,
        "className": "background-video",
        "loop": true,
        "muted": true,
        "playsInline": true,
        "poster": "vehicles.mp4",
      },
      "ref": null,
      "rendered": Object {
        "instance": null,
        "key": undefined,
        "nodeType": "host",
        "props": Object {
          "src": "vehicles.mp4",
          "type": "video/mp4",
        },
        "ref": null,
        "rendered": null,
        "type": "source",
      },
      "type": "video",
    },
    "type": "div",
  },
  Symbol(enzyme.__nodes__): Array [
    Object {
      "instance": null,
      "key": undefined,
      "nodeType": "host",
      "props": Object {
        "children": <video
          autoPlay={true}
          className="background-video"
          loop={true}
          muted={true}
          playsInline={true}
          poster="vehicles.mp4"
>
          <source
                    src="vehicles.mp4"
                    type="video/mp4"
          />
</video>,
      },
      "ref": null,
      "rendered": Object {
        "instance": null,
        "key": undefined,
        "nodeType": "host",
        "props": Object {
          "autoPlay": true,
          "children": <source
            src="vehicles.mp4"
            type="video/mp4"
/>,
          "className": "background-video",
          "loop": true,
          "muted": true,
          "playsInline": true,
          "poster": "vehicles.mp4",
        },
        "ref": null,
        "rendered": Object {
          "instance": null,
          "key": undefined,
          "nodeType": "host",
          "props": Object {
            "src": "vehicles.mp4",
            "type": "video/mp4",
          },
          "ref": null,
          "rendered": null,
          "type": "source",
        },
        "type": "video",
      },
      "type": "div",
    },
  ],
  Symbol(enzyme.__options__): Object {
    "adapter": ReactSixteenAdapter {
      "options": Object {
        "enableComponentDidUpdateOnSetState": true,
      },
    },
  },
}
`;
