// Jest Snapshot v1, https://goo.gl/fbAQLP

exports[`<PlanetCard/> should match snapshot 1`] = `
ShallowWrapper {
  "length": 1,
  Symbol(enzyme.__root__): [Circular],
  Symbol(enzyme.__unrendered__): <PlanetCard />,
  Symbol(enzyme.__renderer__): Object {
    "batchedUpdates": [Function],
    "getNode": [Function],
    "render": [Function],
    "simulateEvent": [Function],
    "unmount": [Function],
  },
  Symbol(enzyme.__node__): Object {
    "instance": null,
    "key": undefined,
    "nodeType": "host",
    "props": Object {
      "children": Array [
        <FavoriteButton
          card={undefined}
          favortieClass=""
          handleFavorites={undefined}
/>,
        <h1
          className="card-title card-title-planet"
/>,
        <p>
          climate: 
</p>,
        <p>
          population: 
</p>,
        <p>
          residents: 
           
</p>,
      ],
      "className": "card",
    },
    "ref": null,
    "rendered": Array [
      Object {
        "instance": null,
        "key": undefined,
        "nodeType": "function",
        "props": Object {
          "card": undefined,
          "favortieClass": "",
          "handleFavorites": undefined,
        },
        "ref": null,
        "rendered": null,
        "type": [Function],
      },
      Object {
        "instance": null,
        "key": undefined,
        "nodeType": "host",
        "props": Object {
          "children": undefined,
          "className": "card-title card-title-planet",
        },
        "ref": null,
        "rendered": null,
        "type": "h1",
      },
      Object {
        "instance": null,
        "key": undefined,
        "nodeType": "host",
        "props": Object {
          "children": Array [
            "climate: ",
            undefined,
          ],
        },
        "ref": null,
        "rendered": Array [
          "climate: ",
          undefined,
        ],
        "type": "p",
      },
      Object {
        "instance": null,
        "key": undefined,
        "nodeType": "host",
        "props": Object {
          "children": Array [
            "population: ",
            undefined,
          ],
        },
        "ref": null,
        "rendered": Array [
          "population: ",
          undefined,
        ],
        "type": "p",
      },
      Object {
        "instance": null,
        "key": undefined,
        "nodeType": "host",
        "props": Object {
          "children": Array [
            "residents: ",
            undefined,
            " ",
          ],
        },
        "ref": null,
        "rendered": Array [
          "residents: ",
          undefined,
          " ",
        ],
        "type": "p",
      },
    ],
    "type": "article",
  },
  Symbol(enzyme.__nodes__): Array [
    Object {
      "instance": null,
      "key": undefined,
      "nodeType": "host",
      "props": Object {
        "children": Array [
          <FavoriteButton
            card={undefined}
            favortieClass=""
            handleFavorites={undefined}
/>,
          <h1
            className="card-title card-title-planet"
/>,
          <p>
            climate: 
</p>,
          <p>
            population: 
</p>,
          <p>
            residents: 
             
</p>,
        ],
        "className": "card",
      },
      "ref": null,
      "rendered": Array [
        Object {
          "instance": null,
          "key": undefined,
          "nodeType": "function",
          "props": Object {
            "card": undefined,
            "favortieClass": "",
            "handleFavorites": undefined,
          },
          "ref": null,
          "rendered": null,
          "type": [Function],
        },
        Object {
          "instance": null,
          "key": undefined,
          "nodeType": "host",
          "props": Object {
            "children": undefined,
            "className": "card-title card-title-planet",
          },
          "ref": null,
          "rendered": null,
          "type": "h1",
        },
        Object {
          "instance": null,
          "key": undefined,
          "nodeType": "host",
          "props": Object {
            "children": Array [
              "climate: ",
              undefined,
            ],
          },
          "ref": null,
          "rendered": Array [
            "climate: ",
            undefined,
          ],
          "type": "p",
        },
        Object {
          "instance": null,
          "key": undefined,
          "nodeType": "host",
          "props": Object {
            "children": Array [
              "population: ",
              undefined,
            ],
          },
          "ref": null,
          "rendered": Array [
            "population: ",
            undefined,
          ],
          "type": "p",
        },
        Object {
          "instance": null,
          "key": undefined,
          "nodeType": "host",
          "props": Object {
            "children": Array [
              "residents: ",
              undefined,
              " ",
            ],
          },
          "ref": null,
          "rendered": Array [
            "residents: ",
            undefined,
            " ",
          ],
          "type": "p",
        },
      ],
      "type": "article",
    },
  ],
  Symbol(enzyme.__options__): Object {
    "adapter": ReactSixteenAdapter {
      "options": Object {
        "enableComponentDidUpdateOnSetState": true,
      },
    },
  },
}
`;
